// Jest Snapshot v1, https://goo.gl/fbAQLP

exports[`Login Component should match snapshot 1`] = `
ShallowWrapper {
  Symbol(enzyme.__root__): [Circular],
  Symbol(enzyme.__unrendered__): <Login />,
  Symbol(enzyme.__renderer__): Object {
    "batchedUpdates": [Function],
    "getNode": [Function],
    "render": [Function],
    "simulateError": [Function],
    "simulateEvent": [Function],
    "unmount": [Function],
  },
  Symbol(enzyme.__node__): Object {
    "instance": null,
    "key": undefined,
    "nodeType": "host",
    "props": Object {
      "children": <form
        onSubmit={[Function]}
      >
        <FormGroup
          bsClass="form-group"
          bsSize="large"
          controlId="username"
        >
          <ControlLabel
            bsClass="control-label"
            srOnly={false}
          >
            Username
          </ControlLabel>
          <FormControl
            autoFocus={true}
            bsClass="form-control"
            componentClass="input"
            onChange={[Function]}
            type="username"
            value=""
          />
        </FormGroup>
        <_default
          block={true}
          bsSize="large"
          disabled={true}
          isLoading={false}
          loadingText="Logging in…"
          text="Login"
          type="submit"
        />
      </form>,
      "className": "Login",
    },
    "ref": null,
    "rendered": Object {
      "instance": null,
      "key": undefined,
      "nodeType": "host",
      "props": Object {
        "children": Array [
          <FormGroup
            bsClass="form-group"
            bsSize="large"
            controlId="username"
          >
            <ControlLabel
              bsClass="control-label"
              srOnly={false}
            >
              Username
            </ControlLabel>
            <FormControl
              autoFocus={true}
              bsClass="form-control"
              componentClass="input"
              onChange={[Function]}
              type="username"
              value=""
            />
          </FormGroup>,
          <_default
            block={true}
            bsSize="large"
            disabled={true}
            isLoading={false}
            loadingText="Logging in…"
            text="Login"
            type="submit"
          />,
        ],
        "onSubmit": [Function],
      },
      "ref": null,
      "rendered": Array [
        Object {
          "instance": null,
          "key": undefined,
          "nodeType": "class",
          "props": Object {
            "bsClass": "form-group",
            "bsSize": "large",
            "children": Array [
              <ControlLabel
                bsClass="control-label"
                srOnly={false}
              >
                Username
              </ControlLabel>,
              <FormControl
                autoFocus={true}
                bsClass="form-control"
                componentClass="input"
                onChange={[Function]}
                type="username"
                value=""
              />,
            ],
            "controlId": "username",
          },
          "ref": null,
          "rendered": Array [
            Object {
              "instance": null,
              "key": undefined,
              "nodeType": "class",
              "props": Object {
                "bsClass": "control-label",
                "children": "Username",
                "srOnly": false,
              },
              "ref": null,
              "rendered": "Username",
              "type": [Function],
            },
            Object {
              "instance": null,
              "key": undefined,
              "nodeType": "class",
              "props": Object {
                "autoFocus": true,
                "bsClass": "form-control",
                "componentClass": "input",
                "onChange": [Function],
                "type": "username",
                "value": "",
              },
              "ref": null,
              "rendered": null,
              "type": [Function],
            },
          ],
          "type": [Function],
        },
        Object {
          "instance": null,
          "key": undefined,
          "nodeType": "function",
          "props": Object {
            "block": true,
            "bsSize": "large",
            "disabled": true,
            "isLoading": false,
            "loadingText": "Logging in…",
            "text": "Login",
            "type": "submit",
          },
          "ref": null,
          "rendered": null,
          "type": [Function],
        },
      ],
      "type": "form",
    },
    "type": "div",
  },
  Symbol(enzyme.__nodes__): Array [
    Object {
      "instance": null,
      "key": undefined,
      "nodeType": "host",
      "props": Object {
        "children": <form
          onSubmit={[Function]}
        >
          <FormGroup
            bsClass="form-group"
            bsSize="large"
            controlId="username"
          >
            <ControlLabel
              bsClass="control-label"
              srOnly={false}
            >
              Username
            </ControlLabel>
            <FormControl
              autoFocus={true}
              bsClass="form-control"
              componentClass="input"
              onChange={[Function]}
              type="username"
              value=""
            />
          </FormGroup>
          <_default
            block={true}
            bsSize="large"
            disabled={true}
            isLoading={false}
            loadingText="Logging in…"
            text="Login"
            type="submit"
          />
        </form>,
        "className": "Login",
      },
      "ref": null,
      "rendered": Object {
        "instance": null,
        "key": undefined,
        "nodeType": "host",
        "props": Object {
          "children": Array [
            <FormGroup
              bsClass="form-group"
              bsSize="large"
              controlId="username"
            >
              <ControlLabel
                bsClass="control-label"
                srOnly={false}
              >
                Username
              </ControlLabel>
              <FormControl
                autoFocus={true}
                bsClass="form-control"
                componentClass="input"
                onChange={[Function]}
                type="username"
                value=""
              />
            </FormGroup>,
            <_default
              block={true}
              bsSize="large"
              disabled={true}
              isLoading={false}
              loadingText="Logging in…"
              text="Login"
              type="submit"
            />,
          ],
          "onSubmit": [Function],
        },
        "ref": null,
        "rendered": Array [
          Object {
            "instance": null,
            "key": undefined,
            "nodeType": "class",
            "props": Object {
              "bsClass": "form-group",
              "bsSize": "large",
              "children": Array [
                <ControlLabel
                  bsClass="control-label"
                  srOnly={false}
                >
                  Username
                </ControlLabel>,
                <FormControl
                  autoFocus={true}
                  bsClass="form-control"
                  componentClass="input"
                  onChange={[Function]}
                  type="username"
                  value=""
                />,
              ],
              "controlId": "username",
            },
            "ref": null,
            "rendered": Array [
              Object {
                "instance": null,
                "key": undefined,
                "nodeType": "class",
                "props": Object {
                  "bsClass": "control-label",
                  "children": "Username",
                  "srOnly": false,
                },
                "ref": null,
                "rendered": "Username",
                "type": [Function],
              },
              Object {
                "instance": null,
                "key": undefined,
                "nodeType": "class",
                "props": Object {
                  "autoFocus": true,
                  "bsClass": "form-control",
                  "componentClass": "input",
                  "onChange": [Function],
                  "type": "username",
                  "value": "",
                },
                "ref": null,
                "rendered": null,
                "type": [Function],
              },
            ],
            "type": [Function],
          },
          Object {
            "instance": null,
            "key": undefined,
            "nodeType": "function",
            "props": Object {
              "block": true,
              "bsSize": "large",
              "disabled": true,
              "isLoading": false,
              "loadingText": "Logging in…",
              "text": "Login",
              "type": "submit",
            },
            "ref": null,
            "rendered": null,
            "type": [Function],
          },
        ],
        "type": "form",
      },
      "type": "div",
    },
  ],
  Symbol(enzyme.__options__): Object {
    "adapter": ReactSixteenAdapter {
      "options": Object {
        "enableComponentDidUpdateOnSetState": true,
        "lifecycles": Object {
          "componentDidUpdate": Object {
            "onSetState": true,
          },
          "getDerivedStateFromProps": true,
          "getSnapshotBeforeUpdate": true,
          "setState": Object {
            "skipsComponentDidUpdateOnNullish": true,
          },
        },
      },
    },
  },
}
`;
